Status: Sleeping for 5 seconds (0/5)
Status: Sleeping for 5 seconds (0/5)
Status: Sleeping for 5 seconds (0/5)
Status: Sleeping for 5 seconds (1/5)
Status: Sleeping for 5 seconds (1/5)
Status: Sleeping for 5 seconds (1/5)
Status: Sleeping for 5 seconds (2/5)
Status: Sleeping for 5 seconds (2/5)
Status: Sleeping for 5 seconds (2/5)
Status: Sleeping for 5 seconds (3/5)
Status: Sleeping for 5 seconds (3/5)
Status: Sleeping for 5 seconds (3/5)
Status: Sleeping for 5 seconds (3/5)
Status: Sleeping for 5 seconds (4/5)
Status: Sleeping for 5 seconds (4/5)
Status: Sleeping for 5 seconds (4/5)
Status: Sleeping for 5 seconds (5/5)
