Downloading http://tiggit.net/robots.txt ...
35/35
