Copying files:
Progress: 479/2307

Directory: _copy_many
ctEjJBRstghw4_UpmjBdhwJZFl8faISyIeEk2sOH5LLfAQ     file1
HtirS8R1-vSpOww9VlKyHFN0IJa5-IUU4bT6KeSFZCX2Bg     file2
Total 2 elements
Hash: XX0X6_B-apJ4I5U-6feo-qAk05e4CG0QarNuW4lb-Cxm

Directory: _out
SJOQBoFXzqAyh06FTyeZKFBd-UHe6bvPgMYlYZZE__T7       cache.conf
00                                                 cache/
Total 2 elements
Hash: GGHxqAFnnsNscs4dz1c5rD2IPy4A8szRTJZX_cy6JM1s
