Checking status for hello2.dat   Hash: LPJNul-wow4m6DsqxbninhsWHlwfp0JecwQzYpOLmCQF
  Hash exists elsewhere: hello.dat
Checking status for hello.dat   Hash: LPJNul-wow4m6DsqxbninhsWHlwfp0JecwQzYpOLmCQF
  File already matches
