/home/mortennk/koding/spread/cache/tests/_t3_out.dat
/home/mortennk/koding/spread/cache/tests/hello.dat
