Checking files:
  test.sh: ctEjJBRstghw4_UpmjBdhwJZFl8faISyIeEk2sOH5LLfAQ
  nothing: 00
INDEX:
LPJNul-wow4m6DsqxbninhsWHlwfp0JecwQzYpOLmCQF /home/mortennk/koding/spread/cache/tests/hello.dat 1341231752
ctEjJBRstghw4_UpmjBdhwJZFl8faISyIeEk2sOH5LLfAQ /home/mortennk/koding/spread/cache/tests/test.sh 1341224553

Updating list:
INDEX:
LPJNul-wow4m6DsqxbninhsWHlwfp0JecwQzYpOLmCQF /home/mortennk/koding/spread/cache/tests/hello.dat 1341231752
LPJNul-wow4m6DsqxbninhsWHlwfp0JecwQzYpOLmCQF /home/mortennk/koding/spread/cache/tests/hello2.dat 1341232094

