HASH: abcdef
Path: _files/ab/cdef
Storing to _files/ab/cdef
Storing again: _files/ab/cdef
        twice: _files/ab/cdef
HASH: LPJNul-wow4m6DsqxbninhsWHlwfp0JecwQzYpOLmCQF
Path: _files/LP/JNul-wow4m6DsqxbninhsWHlwfp0JecwQzYpOLmCQF
Storing to _files/LP/JNul-wow4m6DsqxbninhsWHlwfp0JecwQzYpOLmCQF
Storing again: 
        twice: 
