Unpacking archives/test.zip:

Directory: _outdir2
00                                                 dir
rSdU-hHwettk1icc_gOrTKGJKe3BWeMSCHFkDKgmnf4M       dir/dolly.txt
ctEjJBRstghw4_UpmjBdhwJZFl8faISyIeEk2sOH5LLfAQ     test.sh
Total 3 elements
Hash: CySrPuCNBwdc69x_xoLy9R-t2VhitS92Zu7DeNYfS_ad
Done
