LOG: Looking for hints for dirHash=HELLO
LOG:   No hints found.
