TESTING: Nothing
PRE:
POST:
ADD:
DEL:
UPGRADE:

TESTING: Single file add
PRE:
POST:
  file1 HASH1
ADD:
  HASH1 file1
DEL:
UPGRADE:

TESTING: Delete single file
PRE:
  file1 HASH1
POST:
ADD:
DEL:
  HASH1 file1
UPGRADE:

TESTING: Multiple adds and deletes
PRE:
  file3 HASH3
  file4 HASH4
POST:
  file1 HASH1
  file2 HASH2
ADD:
  HASH1 file1
  HASH2 file2
DEL:
  HASH3 file3
  HASH4 file4
UPGRADE:

TESTING: Upgrade file
PRE:
  file OLD
POST:
  file NEW
ADD:
  NEW file
DEL:
UPGRADE:
  file OLD

TESTING: Ignore file
PRE:
  file OLD
POST:
  file OLD
ADD:
DEL:
UPGRADE:

TESTING: Testing everything
PRE:
  file1 OLD1
  file2 OLD1
  file3 OLD3
  file4 OLD4
  file5 OLD5
  file6 OLD6
  ign IGN
POST:
  file2 NEW2
  file3 NEW2
  file4 OLD1
  file5 OLD5
  file7 NEW7
  ign IGN
ADD:
  NEW2 file2
  NEW2 file3
  NEW7 file7
  OLD1 file4
DEL:
  OLD1 file1
  OLD6 file6
UPGRADE:
  file2 OLD1
  file3 OLD3
  file4 OLD4

