Setting unusable file
Got EXPECTED exception
Setting usable file
Setting value
Setting value from another thread:
Thread Start
Thread Done!
Done
