
Directory: _sr0_output
00                                                 _output
00                                                 _output/dirs
U0D_QYj52mHfrx2A__Dtg4D3hiKo29FBdTunQM-y6e9u       _output/dirs/U0D_QYj52mHfrx2A__Dtg4D3hiKo29FBdTunQM-y6e9u
5sKBIks5Q1SHRJZlyw6IMcQUMlW54LedwwaYzKVVYjlV       _output/packs.json
GRF6eD3ilJ4kxqhNO2gJjQCpYjOe6z5ZCKV4wzxLQSSs       _output/rules.json
rw6jJOkwZ36fhHadDma5d6fbbDEpt-HZexJgRgGBdS3xAw     index.zip
PtuyGzC1hSLbx-4y8p0C3PsrZbGnGz35oXzMSwTkFDUI       short.txt
Total 7 elements
Hash: XK20cLOtLaXFTv7d0Oy0lgU13DRbyHVMrj8H_-c0fqOwAQ
