
Directory: _writer
00                                                 dirs
If6bDOAeOVoiKM9uWGt19noPySYSE-spItCkseTUX6U7       dirs/If6bDOAeOVoiKM9uWGt19noPySYSE-spItCkseTUX6U7
dD6saPLijaSBk4Q3b7XFg-n4h6DS7FAi7vdIg-b0Frxu       dirs/dD6saPLijaSBk4Q3b7XFg-n4h6DS7FAi7vdIg-b0Frxu
-3v9Xk6Vchyn2zyJk9Gy18Ut0xQNcrzRCpJN-Z1WyncDAQ     packs.json
B1aCrzu22Jl6TXCw2EqrpBelGw3B5xb2vjLLmXoCHc5hAQ     rules.json
Total 5 elements
Hash: QZ6Xa6KcWi6yiEviA-8naC5qcb7UxiMyIdX55vrIXiFUAQ
