
ADDING BEFORE START:
UNK:  0/0
  JOBS:
  UNK:  0/0
  UNK:  0/0

STARTING NOW:
Starting list 0
Starting list 1
Starting list 2
SUC: Success 0/0
  JOBS:
  BUS:  0/0
  BUS:  0/0

ADDING MORE STUFF:
Starting list 4
Starting list 3
SUC: Success 0/0
  JOBS:
  SUC: Success 0/0
  SUC: Success 0/0
  SUC: Success 0/0
  SUC: Success 0/0
