Hash = IC1yZiBDTWFrZ-ZpbGVzLyBDTWFrZU_hY2hlLnR4dCBjbWFrZV9pb
Matched IC1yZiBDTWFrZ-ZpbGVzLyBDTWFrZU_hY2hlLnR4dCBjbWFrZV9pb
Matched LPJNul-wow4m6DsqxbninhsWHlwfp0JecwQzYpOLmCQF
Matched ________________________________________
Matched ________________________________________
Matched _____________________________________________________w
Matched ____________________________________________________w
Matched _____________________________________________________w
Matched _____________________________________________________w
Matched AAx
Matched AAx
Matched ----____-A-_
Matched ____-----_-_
