ctEjJBRstghw4_UpmjBdhwJZFl8faISyIeEk2sOH5LLfAQ test.sh
72d12324146cb60870e3f5299a305d870259165f1f6884b221e124dac387e4b2df01000000000000 test.sh
