
Searching for HASH=file1 FILE=
  GOT: file1

Searching for HASH=file2 FILE=
  GOT: file2

Searching for HASH=file1 FILE=blah
  GOT: blah
  JOB:
    SRC: Copy from file1
    DST:
      file1 blah
  Running:
JOB COPY file1:
INPUTS:
OUTPUTS:
  file1 blah
Adding 1 files to cache:
  file1 blah
Removing targets from list.

Searching for HASH=file1 FILE=file2
  GOT: file2
  JOB:
    SRC: Copy from blah
    DST:
      file1 file2
  Running:
JOB COPY blah:
INPUTS:
OUTPUTS:
  file1 file2
Adding 1 files to cache:
  file1 file2
Removing targets from list.

Searching for HASH=file3 FILE=
getTarget(file3)
  GOT: tmp_file3
  JOB:
    SRC: Download from http://example.com/url
    DST:
      file3 tmp_file3
  Running:
JOB DOWNLOAD http://example.com/url:
INPUTS:
OUTPUTS:
  file3 tmp_file3
Adding 1 files to cache:
  file3 tmp_file3
Removing targets from list.

Searching for HASH=file4 FILE=
getTarget(file4)
  GOT: tmp_file4
  JOB:
    SRC: Unpack from archive
    DST:
      file4 tmp_file4
  Running:
getTarget(archive)
JOB DOWNLOAD url://to/archive.zip:
INPUTS:
OUTPUTS:
  archive tmp_archive
Adding 1 files to cache:
  archive tmp_archive
Removing targets from list.
JOB UNPACK:
INPUTS:
  archive tmp_archive
OUTPUTS:
  file4 tmp_file4
Adding 1 files to cache:
  file4 tmp_file4
Removing targets from list.

Searching for HASH=file5 FILE=
ERROR1: No source for target file5 
Reporting broken URL=hello hash=file1
