Insertion:
0
Fetch (with local lock):
1
Finishing:
Running nojob... thinking hard ... done!
Removing.
Reinsertion:
0
Running LockJob.
  LOCKING
Removing entry (will wait for lock)
  UNLOCKING
Entry removed.
