
Adding 1 files to cache:
  LPJNul-wow4m6DsqxbninhsWHlwfp0JecwQzYpOLmCQF _target/hello
  msg=Copying hello.dat
  prog=5/5
  SUCCESS!

  msg=Hash mismatch in _target/hello_fail
  Expected: SG6kYiTRu0-2gPNPfJrZao8k7Ii-c-qOWmxlJg6cuKcF
  Recieved: LPJNul-wow4m6DsqxbninhsWHlwfp0JecwQzYpOLmCQF
  prog=5/5
  FAILURE!

Adding 2 files to cache:
  SG6kYiTRu0-2gPNPfJrZao8k7Ii-c-qOWmxlJg6cuKcF _target/world1
  SG6kYiTRu0-2gPNPfJrZao8k7Ii-c-qOWmxlJg6cuKcF _target/world2
  msg=Copying world.dat
  prog=5/5
  SUCCESS!

Reporting broken URL=http://doesnt/exist HASH=N0VT8AYfLEu2hFufocgj9ykAQoNEgcQwzLW7m1Tfc-cj
  msg=Error fetching http://doesnt/exist:
Couldn't resolve host name
  prog=0/0
  FAILURE!

fetchFile(UZuuyrHbX1c57drq6a6SObKZQrkr58Y09SrBFtEHm9rSAg)
Adding 1 files to cache:
  ctEjJBRstghw4_UpmjBdhwJZFl8faISyIeEk2sOH5LLfAQ _target/test
  msg=Unpacking test.zip
  prog=479/479
  SUCCESS!
