Shooting blanks:
LPJNul-w NOT FOUND!
z5uehbma NOT FOUND!

Adding one archive:
Found: arc=LPJNul-w dir=z5uehbma
String: ARC LPJNul-wow4m6DsqxbninhsWHlwfp0JecwQzYpOLmCQF z5uehbmaSdLx6w2YGCXGTwadrwpgxfwZ-HRb9ePSkJ4F
Found: arc=LPJNul-w dir=z5uehbma
String: ARC LPJNul-wow4m6DsqxbninhsWHlwfp0JecwQzYpOLmCQF z5uehbmaSdLx6w2YGCXGTwadrwpgxfwZ-HRb9ePSkJ4F

Adding another archive:
Found: arc=LPJNul-w dir=z5uehbma
String: ARC LPJNul-wow4m6DsqxbninhsWHlwfp0JecwQzYpOLmCQF z5uehbmaSdLx6w2YGCXGTwadrwpgxfwZ-HRb9ePSkJ4F
Found: arc=z5uehbma dir=z5uehbma
String: DOLLEH!

