LPJNul-w - NOT FOUND
Adding rule:
LPJNul-w - Rule found:
  Rule: "URL LPJNul-wow4m6DsqxbninhsWHlwfp0JecwQzYpOLmCQF http://hello1.com"
  => LPJNul-w
  URL: http://hello1.com
  Priority: 1
  Weight: 1

Disabling rule:
  => Disabling LPJNul-w http://hello1.com (i=13)
  => Disabling LPJNul-w doesn't exist (i=13)
LPJNul-w - NOT FOUND
Adding rule twice:
LPJNul-w - Rule found:
  Rule: "URL LPJNul-wow4m6DsqxbninhsWHlwfp0JecwQzYpOLmCQF http://hello2.com"
  => LPJNul-w
  URL: http://hello2.com
  Priority: 3
  Weight: 1

Adding something else:
LPJNul-w - Rule found:
  Rule: "URL LPJNul-wow4m6DsqxbninhsWHlwfp0JecwQzYpOLmCQF http://hello2.com"
  => LPJNul-w
  URL: http://hello2.com
  Priority: 3
  Weight: 1

z5uehbma - Rule found:
  Rule: "URL z5uehbmaSdLx6w2YGCXGTwadrwpgxfwZ-HRb9ePSkJ4F DOLLY!"
  => z5uehbma
  URL: DOLLY!
  Priority: 1
  Weight: 1

Disabling both:
  => Disabling LPJNul-w http://hello2.com (i=13)
LPJNul-w - NOT FOUND
Adding prio=5
LPJNul-w - Rule found:
  Rule: "URL LPJNul-wow4m6DsqxbninhsWHlwfp0JecwQzYpOLmCQF http://hello5.com"
  => LPJNul-w
  URL: http://hello5.com
  Priority: 5
  Weight: 1

Adding prio=10
LPJNul-w - Rule found:
  Rule: "URL LPJNul-wow4m6DsqxbninhsWHlwfp0JecwQzYpOLmCQF http://hello10.com"
  => LPJNul-w
  URL: http://hello10.com
  Priority: 10
  Weight: 1

Disabling prio=10:
  => Disabling LPJNul-w http://hello10.com (i=13)
LPJNul-w - Rule found:
  Rule: "URL LPJNul-wow4m6DsqxbninhsWHlwfp0JecwQzYpOLmCQF http://hello5.com"
  => LPJNul-w
  URL: http://hello5.com
  Priority: 5
  Weight: 1


Add any parameter to include random tests.
