
Empty installer => _full/t1/
DONE: status=Installing
progress=0/0

Requesting non-existing file => _full/t2/
ERROR: status=Don't know how to satisfy the following dependencies:
  LPJNul-wow4m6DsqxbninhsWHlwfp0JecwQzYpOLmCQF
    _full/t2/output.dat
progress=0/0

Requesting existing file => _full/t3/
DONE: status=Installing
progress=0/0

File from zip (no hint) => _full/t4/
ERROR: status=Don't know how to satisfy the following dependencies:
  bJUN2VkwS-cRpIlPRil-yWIxuoOfiWUG4li9IxH5MGWkAQ
    _full/t4/test.zip
progress=0/0

File from zip (with hint) => _full/t5/
DONE: status=Installing
progress=0/0

Repeating with no hint (using cache) => _full/t6/
DONE: status=Installing
progress=0/0

Unpack two zips into one dir => _full/t7/
DONE: status=Installing
progress=0/0

Repeating previously non-existing file => _full/t8/
DONE: status=Installing
progress=0/0
