Read hash: 795KeeO4JFV5WiZKYlYM-O4gAaUHG7IxwCvqqgJMwHRq
Elements: 2
Hash: 795KeeO4JFV5WiZKYlYM-O4gAaUHG7IxwCvqqgJMwHRq
name1: OqPmjeE85Dm6rKjRCr4xHyOB-hG6LspFzBK4nR0ppG2RdgY
dir/name2: zWyAFPZ5tztKheUOW7ifxqDG32EzGk9fK9kq8Ma1iAckAQ
