|~X[UfCU[9a4aHmAQ7)1-,4l,x<YL=^CfdZ*]>;K5^d
00
L).Z-5TI7:AJ{l+Mk6qi}.oNG{Yh^FH007w3noK)M*

{
	"dir/name2" : "L).Z-5TI7:AJ{l+Mk6qi}.oNG{Yh^FH007w3noK)M*",
	"name1" : "|~X[UfCU[9a4aHmAQ7)1-,4l,x<YL=^CfdZ*]>;K5^d"
}
