ABC abc
DEF def

ABC abc
DEF def
ABC prefix_abc
DEF prefix_def

GHIIIII abc
DEF def
ABC prefix_abc
DEF prefix_def

