Job 1: OK (normal execution)
Cleaning up 1 (Success!)
SUCCESS notified
Job 2: ERROR! (using setError)
Cleaning up 2 (Error: We can't have that crap!)
ERROR notified: We can't have that crap!
Job 3: EXCEPTION! (throw)
Cleaning up 3 (Error: blablah)
ERROR notified: blablah
