Unpacking ../../unpack/tests/archives/test.zip...
Success!
Progress: 491/491
